== root
npm warn deprecated rimraf@3.0.2: Rimraf versions prior to v4 are no longer supported
npm warn deprecated inflight@1.0.6: This module is not supported, and leaks memory. Do not use it. Check out lru-cache if you want a good and tested way to coalesce async requests by a key value, which is much more comprehensive and powerful.
npm warn deprecated glob@7.2.3: Old versions of glob are not supported, and contain widely publicized security vulnerabilities, which have been fixed in the current version. Please update. Support for old versions may be purchased (at exorbitant rates) by contacting i@izs.me
npm warn deprecated @humanwhocodes/config-array@0.13.0: Use @eslint/config-array instead
npm warn deprecated @humanwhocodes/object-schema@2.0.3: Use @eslint/object-schema instead
npm warn deprecated eslint@8.57.1: This version is no longer supported. Please see https://eslint.org/version-support for other options.

added 215 packages in 6s
root exit=0
== backend
npm warn deprecated inflight@1.0.6: This module is not supported, and leaks memory. Do not use it. Check out lru-cache if you want a good and tested way to coalesce async requests by a key value, which is much more comprehensive and powerful.
npm warn deprecated glob@7.2.3: Old versions of glob are not supported, and contain widely publicized security vulnerabilities, which have been fixed in the current version. Please update. Support for old versions may be purchased (at exorbitant rates) by contacting i@izs.me
npm warn deprecated rimraf@2.7.1: Rimraf versions prior to v4 are no longer supported
npm warn deprecated uuid@9.0.1: uuid@10 and below is no longer supported.  For ESM codebases, update to uuid@latest.  For CommonJS codebases, use uuid@11 (but be aware this version will likely be deprecated in 2028).
npm warn deprecated glob@10.5.0: Old versions of glob are not supported, and contain widely publicized security vulnerabilities, which have been fixed in the current version. Please update. Support for old versions may be purchased (at exorbitant rates) by contacting i@izs.me

added 553 packages in 5s
backend exit=0
== dashboard
npm error code EUSAGE
npm error
npm error `npm ci` can only install packages when your package.json and package-lock.json or npm-shrinkwrap.json are in sync. Please update your lock file with `npm install` before continuing.
npm error
npm error Invalid: lock file's @testing-library/dom@9.3.4 does not satisfy @testing-library/dom@10.4.2
npm error Invalid: lock file's @testing-library/react@14.3.1 does not satisfy @testing-library/react@16.3.3
npm error Invalid: lock file's jsdom@24.1.3 does not satisfy jsdom@26.1.0
npm error Invalid: lock file's aria-query@5.1.3 does not satisfy aria-query@5.3.0
npm error Missing: dequal@2.0.3 from lock file
npm error Invalid: lock file's rrweb-cssom@0.7.1 does not satisfy rrweb-cssom@0.8.0
npm error Invalid: lock file's tough-cookie@4.1.4 does not satisfy tough-cookie@5.1.2
npm error Missing: tldts@6.1.86 from lock file
npm error Missing: tldts-core@6.1.86 from lock file
npm error
npm error Clean install a project
npm error
npm error Usage:
npm error npm ci
npm error
npm error Options:
npm error [--install-strategy <hoisted|nested|shallow|linked>] [--legacy-bundling]
npm error [--global-style] [--omit <dev|optional|peer> [--omit <dev|optional|peer> ...]]
npm error [--include <prod|dev|optional|peer> [--include <prod|dev|optional|peer> ...]]
npm error [--strict-peer-deps] [--foreground-scripts] [--ignore-scripts]
npm error [--allow-directory <all|none|root>] [--allow-file <all|none|root>]
npm error [--allow-git <all|none|root>] [--allow-remote <all|none|root>]
npm error [--allow-scripts <package-list> [--allow-scripts <package-list> ...]]
npm error [--strict-allow-scripts] [--dangerously-allow-all-scripts] [--no-audit]
npm error [--no-bin-links] [--no-fund] [--dry-run]
npm error [-w|--workspace <workspace-name> [-w|--workspace <workspace-name> ...]]
npm error [--workspaces] [--include-workspace-root] [--install-links]
npm error
npm error   --install-strategy
npm error     Sets the strategy for installing packages in node_modules.
npm error
npm error   --legacy-bundling
npm error     Instead of hoisting package installs in `node_modules`, install packages
npm error
npm error   --global-style
npm error     Only install direct dependencies in the top level `node_modules`,
npm error
npm error   --omit
npm error     Dependency types to omit from the installation tree on disk.
npm error
npm error   --include
npm error     Option that allows for defining which types of dependencies to install.
npm error
npm error   --strict-peer-deps
npm error     If set to `true`, and `--legacy-peer-deps` is not set, then _any_
npm error
npm error   --foreground-scripts
npm error     Run all build scripts (ie, `preinstall`, `install`, and
npm error
npm error   --ignore-scripts
npm error     If true, npm does not run scripts specified in package.json files.
npm error
npm error   --allow-directory
npm error     Limits the ability for npm to install dependencies from directories.
npm error
npm error   --allow-file
npm error     Limits the ability for npm to install dependencies from tarball files.
npm error
npm error   --allow-git
npm error     Limits the ability for npm to fetch dependencies from git references.
npm error
npm error   --allow-remote
npm error     Limits the ability for npm to fetch dependencies from urls.
npm error
npm error   --allow-scripts
npm error     Comma-separated list of packages whose install-time lifecycle scripts
npm error
npm error   --strict-allow-scripts
npm error     If `true`, turn the install-script policy from a warning into a hard
npm error
npm error   --dangerously-allow-all-scripts
npm error     If `true`, bypass the `allowScripts` policy entirely and run every
npm error
npm error   --audit
npm error     When "true" submit audit reports alongside the current npm command to the
npm error
npm error   --bin-links
npm error     Tells npm to create symlinks (or `.cmd` shims on Windows) for package
npm error
npm error   --fund
npm error     When "true" displays the message at the end of each `npm install`
npm error
npm error   --dry-run
npm error     Indicates that you don't want npm to make any changes and that it should
npm error
npm error   -w|--workspace
npm error     Enable running a command in the context of the configured workspaces of the
npm error
npm error   --workspaces
npm error     Set to true to run the command in the context of **all** configured
npm error
npm error   --include-workspace-root
npm error     Include the workspace root when workspaces are enabled for a command.
npm error
npm error   --install-links
npm error     When set file: protocol dependencies will be packed and installed as
npm error
npm error
npm error aliases: clean-install, ic, install-clean, isntall-clean
npm error
npm error Run "npm help ci" for more info
npm error A complete log of this run can be found in: /home/runner/.npm/_logs/2026-09-25T04_15_03_862Z-debug-0.log
dashboard exit=1
== extension
npm warn deprecated inflight@1.0.6: This module is not supported, and leaks memory. Do not use it. Check out lru-cache if you want a good and tested way to coalesce async requests by a key value, which is much more comprehensive and powerful.
npm warn deprecated @humanwhocodes/config-array@0.13.0: Use @eslint/config-array instead
npm warn deprecated rimraf@3.0.2: Rimraf versions prior to v4 are no longer supported
npm warn deprecated glob@7.2.3: Old versions of glob are not supported, and contain widely publicized security vulnerabilities, which have been fixed in the current version. Please update. Support for old versions may be purchased (at exorbitant rates) by contacting i@izs.me
npm warn deprecated @humanwhocodes/object-schema@2.0.3: Use @eslint/object-schema instead
npm warn deprecated uuid@8.3.2: uuid@10 and below is no longer supported.  For ESM codebases, update to uuid@latest.  For CommonJS codebases, use uuid@11 (but be aware this version will likely be deprecated in 2028).
npm warn deprecated eslint@8.57.1: This version is no longer supported. Please see https://eslint.org/version-support for other options.

added 364 packages in 4s
extension exit=0
